
> wlwebsite@0.1.0 build
> next build

   Γû▓ Next.js 15.0.4

   Creating an optimized production build ...
 Γ£ô Compiled successfully
   Linting and checking validity of types ...

./src/app/service-areas-pretoria/[locationId]/page.tsx
3:10  Warning: 'services' is defined but never used. Allowed unused vars must match /^_/u.  @typescript-eslint/no-unused-vars

./src/components/ClientRootWrapper.tsx
32:9  Warning: 'isHomePage' is assigned a value but never used. Allowed unused vars must match /^_/u.  @typescript-eslint/no-unused-vars

./src/data/locations.ts
1:20  Warning: 'ServiceVariation' is defined but never used. Allowed unused vars must match /^_/u.  @typescript-eslint/no-unused-vars
3:46  Warning: 'areas' is defined but never used. Allowed unused args must match /^_/u.  @typescript-eslint/no-unused-vars

./src/middleware.ts
4:28  Warning: 'request' is defined but never used. Allowed unused args must match /^_/u.  @typescript-eslint/no-unused-vars

info  - Need to disable some ESLint rules? Learn more here: https://nextjs.org/docs/app/building-your-application/configuring/eslint#disabling-rules
